STATUS: 201
BODY: {"user":{"uid":"QPMMagbn4UgcScmbu2OanfoDrjw1","name":"Test User","email":"test-1783871579833@example.com","role":"user","subscription":"trial","planName":"Free Trial","monthlyLeadLimit":5,"trialSearchLimit":2,"trialLeadLimit":5,"billingStatus":"trial","trialSearchesUsed":0,"entitlements":{"billingRequired":true,"trial":true,"trialSearchesUsed":0,"trialSearchLimit":2,"trialLeadLimit":5,"upgradeRequiredAfterTrial":true},"permissions":[]},"idToken":"eyJhbGciOiJSUzI1NiIsImtpZCI6IjY1Y2IzZjAyMGNhZjdiMmE5ZTg2ZWFkOTAxZDg5ZjQ4MTJjYmFjYmMiLCJ0eXAiOiJKV1QifQ.eyJpc3MiOiJodHRwczovL3NlY3VyZXRva2VuLmdvb2dsZS5jb20vbWF0LWxlYWQtYzBjYTQiLCJhdWQiOiJtYXQtbGVhZC1jMGNhNCIsImF1dGhfdGltZSI6MTc4Mzg3MTU4MiwidXNlcl9pZCI6IlFQTU1hZ2JuNFVnY1NjbWJ1Mk9hbmZvRHJqdzEiLCJzdWIiOiJRUE1NYWdibjRVZ2NTY21idTJPYW5mb0RyancxIiwiaWF0IjoxNzgzODcxNTgyLCJleHAiOjE3ODM4NzUxODIsImVtYWlsIjoidGVzdC0xNzgzODcxNTc5ODMzQGV4YW1wbGUuY29tIiwiZW1haWxfdmVyaWZpZWQiOmZhbHNlLCJmaXJlYmFzZSI6eyJpZGVudGl0aWVzIjp7ImVtYWlsIjpbInRlc3QtMTc4Mzg3MTU3OTgzM0BleGFtcGxlLmNvbSJdfSwic2lnbl9pbl9wcm92aWRlciI6InBhc3N3b3JkIn19.qStNjRaZmQdt9NqUAxsow2MTp7ZDAkcFaPFprmzpSYMNdj8zK0bhKTzk6I2ockLYhbEM23lBu9fcTFj6ZP0JwArb8PvAWoE_R_SEdlgdx7pRTL2b-_VMwiF3CNVbu_xHfwWWJnvT-n3AvXqG1MQLYZufpq4MHOv4_Z6-hmFoT3QkLR38NcTPZsq1D9F_zFD_k8j9T1ll6VO3-0PEoyM2z8-YJB5Dr7sAQiGmbYqp5QIi4cW8LDXuMcu-oja7yUEqkfwPMgKuzQqxKcFZDyEOSY9RQgZ7ZBZqohVnLX-v-8TSRxd_QwOi13JVNneSNwFlgAICLc65rx2E_QTRYpPhqA","firebaseRefreshToken":"AMf-vBz4w6t2XT3DOu8aYmKCPoRACjaqTj3JEcuTUknfXiNMbAfn_aXwt_M3kVmbrpXBWXZGFycw1N5E4pbfaYfXR2lwF5g9OZz7DfqzoL90cyhv34WIjJnUIzQxDkVWyby_7lc5ThGXgQyV4OKa5ok9xQEJootvMV3Esbv0XbuUdGM0U5oPoUKkBQ9EQOxU6PresJMC4hJqOCVCMxuinUron8A7Bq7p4H0oMnjUqWKDQ6EylCMVQvI","accessToken":"eyJhbGciOiJIUzI1NiIsInR5cCI6IkpXVCJ9.eyJ1aWQiOiJRUE1NYWdibjRVZ2NTY21idTJPYW5mb0RyancxIiwiZW1haWwiOiJ0ZXN0LTE3ODM4NzE1Nzk4MzNAZXhhbXBsZS5jb20iLCJyb2xlIjoidXNlciIsInN1YnNjcmlwdGlvbiI6InRyaWFsIiwicGxhbk5hbWUiOiJGcmVlIFRyaWFsIiwiYmlsbGluZ1N0YXR1cyI6InRyaWFsIiwibW9udGhseUxlYWRMaW1pdCI6NSwidHJpYWxTZWFyY2hlc1VzZWQiOjAsInRyaWFsU2VhcmNoTGltaXQiOjIsInRyaWFsTGVhZExpbWl0Ijo1LCJwZXJtaXNzaW9ucyI6W10sImVudGl0bGVtZW50cyI6eyJiaWxsaW5nUmVxdWlyZWQiOnRydWUsInRyaWFsIjp0cnVlLCJ0cmlhbFNlYXJjaGVzVXNlZCI6MCwidHJpYWxTZWFyY2hMaW1pdCI6MiwidHJpYWxMZWFkTGltaXQiOjUsInVwZ3JhZGVSZXF1aXJlZEFmdGVyVHJpYWwiOnRydWV9LCJpc3MiOiJtYXQtbGVhZHMtYWktcHJvLXgiLCJhdWQiOiJtYXQtbGVhZHMtdXNlcnMiLCJpYXQiOjE3ODM4NzE1ODgsImV4cCI6MTc4Mzg3MzM4OH0.vUUxswsOLy4ouGBkvR-UPXZUgRwVuqVFfgRNSqRyNoE","refreshToken":"eyJhbGciOiJIUzI1NiIsInR5cCI6IkpXVCJ9.eyJ1aWQiOiJRUE1NYWdibjRVZ2NTY21idTJPYW5mb0RyancxIiwiZW1haWwiOiJ0ZXN0LTE3ODM4NzE1Nzk4MzNAZXhhbXBsZS5jb20iLCJyb2xlIjoidXNlciIsInRva2VuVmVyc2lvbiI6MSwiaXNzIjoibWF0LWxlYWRzLWFpLXByby14IiwiYXVkIjoibWF0LWxlYWRzLXVzZXJzIiwiaWF0IjoxNzgzODcxNTg4LCJleHAiOjE3ODY0NjM1ODh9.wDEP4aUxLiSrzDyAYCC5o5NTV-MMk8P6DOzBvnUnb1Q"}
